# Sqlfile -> Database map
plugins.stPaczkomatyPlugin.lib.model.schema.sql=propel
plugins.stWholesalePlugin.lib.model.schema.sql=propel
lib.model.schema.sql=propel
plugins.stMailPlugin.lib.model.schema.sql=propel
plugins.stTaxPlugin.lib.model.schema.sql=propel
plugins.stHandeloPlugin.lib.model.schema.sql=propel
plugins.stAdminGeneratorPlugin.lib.model.schema.sql=propel
plugins.stGoogleShoppingPlugin.lib.model.schema.sql=propel
plugins.sfAssetsLibraryPlugin.lib.model.schema.sql=propel
plugins.stAttributeTemplatePlugin.lib.model.schema.sql=propel
plugins.stNavigationPlugin.lib.model.schema.sql=propel
plugins.stAllegroPlugin.lib.model.schema.sql=propel
plugins.stCrossellingPlugin.lib.model.schema.sql=propel
plugins.stLukasPlugin.lib.model.schema.sql=propel
plugins.stImportExportPlugin.lib.model.schema.sql=propel
plugins.stDiscountPlugin.lib.model.schema.sql=propel
plugins.appAddPricePlugin.lib.model.schema.sql=propel
plugins.stPayByNetPlugin.lib.model.schema.sql=propel
plugins.appOnlineCodesPlugin.lib.model.schema.sql=propel
plugins.stBazzarPlugin.lib.model.schema.sql=propel
plugins.stCurrencyPlugin.lib.model.schema.sql=propel
plugins.stTrustPlugin.lib.model.schema.sql=propel
plugins.stWebpagePlugin.lib.model.schema.sql=propel
plugins.stCountriesPlugin.lib.model.schema.sql=propel
plugins.stThemePlugin.lib.model.schema.sql=propel
plugins.appImageTagPlugin.lib.model.schema.sql=propel
plugins.stRadarPlugin.lib.model.schema.sql=propel
plugins.stPocztaPolskaPlugin.lib.model.schema.sql=propel
plugins.stWebApiPlugin.lib.model.schema.sql=propel
plugins.stCeneoPlugin.lib.model.schema.sql=propel
plugins.stGiftCardPlugin.lib.model.schema.sql=propel
plugins.appProductAttributesPlugin.lib.model.schema.sql=propel
plugins.stOnetPlugin.lib.model.schema.sql=propel
plugins.stSlideBannerPlugin.lib.model.schema.sql=propel
plugins.stZakupomatPlugin.lib.model.schema.sql=propel
plugins.stReminderPlugin.lib.model.schema.sql=propel
plugins.stTextPlugin.lib.model.schema.sql=propel
plugins.stOkazjePlugin.lib.model.schema.sql=propel
plugins.stProductOptionsPlugin.lib.model.schema.sql=propel
plugins.stNewsletterPlugin.lib.model.schema.sql=propel
plugins.stGroupPricePlugin.lib.model.schema.sql=propel
plugins.stBasicPricePlugin.lib.model.schema.sql=propel
plugins.stSearchPlugin.lib.model.schema.sql=propel
plugins.sfGuardPlugin.lib.model.schema.sql=propel
plugins.stPartnerPlugin.lib.model.schema.sql=propel
plugins.stInvoicePlugin.lib.model.schema.sql=propel
plugins.stOferciakPlugin.lib.model.schema.sql=propel
plugins.stDeliveryPlugin.lib.model.schema.sql=propel
plugins.stBackendFastMenuPlugin.lib.model.schema.sql=propel
plugins.stAccessoriesPlugin.lib.model.schema.sql=propel
plugins.stWpPlugin.lib.model.schema.sql=propel
plugins.stLanguagePlugin.lib.model.schema.sql=propel
plugins.stNokautPlugin.lib.model.schema.sql=propel
plugins.stTaskPlugin.lib.model.schema.sql=propel
plugins.stTrustedShopsPlugin.lib.model.schema.sql=propel
plugins.stEcardPlugin.lib.model.schema.sql=propel
plugins.stBlogPlugin.lib.model.schema.sql=propel
plugins.stPositioningPlugin.lib.model.schema.sql=propel
plugins.stSklepy24Plugin.lib.model.schema.sql=propel
plugins.stQuestionPlugin.lib.model.schema.sql=propel
plugins.stBoxPlugin.lib.model.schema.sql=propel
plugins.stAvailabilityPlugin.lib.model.schema.sql=propel
